<html>
<body>
<pre>
<h1>µVision Build Log</h1>
<h2>Tool Versions:</h2>
IDE-Version: µVision V5.43.1.0
Copyright (C) 2025 ARM Ltd and ARM Germany GmbH. All rights reserved.
License Information: Lou Kail, ESIEE, LIC=----
 
Tool Versions:
Toolchain:       MDK-Lite  Version: 5.43.0.0
Toolchain Path:  C:\Users\louka\AppData\Local\Keil_v5\ARM\ARMCLANG\Bin
C Compiler:      ArmClang.exe V6.24
Assembler:       Armasm.exe V6.24
Linker/Locator:  ArmLink.exe V6.24
Library Manager: ArmAr.exe V6.24
Hex Converter:   FromElf.exe V6.24
CPU DLL:         SARMCM3.DLL V5.43.0.0
Dialog DLL:      DCM.DLL V1.17.5.0
Target DLL:      lmidk-agdi.dll V???
Dialog DLL:      TCM.DLL V1.56.6.0
 
<h2>Project:</h2>
C:\Users\louka\Documents\GitHub\E-Valse-BOT\arm2\robot.uvprojx
Project File Date:  01/13/2026

<h2>Output:</h2>
*** Using Compiler 'V6.24', folder: 'C:\Users\louka\AppData\Local\Keil_v5\ARM\ARMCLANG\Bin'
Rebuild target 'Target_1'
"led.s", line 336: Warning: A1581W: Added 2 bytes of padding at address 0x176
  336 00000178   END
0 Errors, 1 Warning
assembling led.s...
"motor.s", line 338: Warning: A1581W: Added 2 bytes of padding at address 0x17e
  338 00000180   END
0 Errors, 1 Warning
assembling motor.s...
"main.s", line 159: Warning: A1447W: Missing END directive at end of file, but found a label named END
  159 000000e4 
0 Errors, 1 Warning
assembling main.s...
"bumpers.s", line 83: Warning: A1581W: Added 2 bytes of padding at address 0x6e
   83 00000070         END
0 Errors, 1 Warning
assembling bumpers.s...
assembling sd_driver.s...
assembling danses_moves.s...
"button.s", line 81: Warning: A1581W: Added 2 bytes of padding at address 0x6e
   81 00000070         END
0 Errors, 1 Warning
assembling button.s...
assembling Startup.s...
linking...
Program Size: Code=3684 RO-data=0 RW-data=108 ZI-data=256  
".\Objects\robot.axf" - 0 Error(s), 0 Warning(s).

<h2>Software Packages used:</h2>

Package Vendor: Keil
                https://www.keil.com/pack/Keil.LM3S_DFP.1.1.1.pack
                Keil::LM3S_DFP@1.1.1
                Texas Instruments LM3S Series Device Support

<h2>Collection of Component include folders:</h2>
  C:/Users/louka/AppData/Local/Arm/Packs/Keil/LM3S_DFP/1.1.1/Device/Include

<h2>Collection of Component Files used:</h2>
Build Time Elapsed:  00:00:01
</pre>
</body>
</html>
