Component: Arm Compiler for Embedded 6.24 Tool: armlink [5f371500]

==============================================================================

Section Cross References

    startup.o(RESET) refers to startup.o(STACK) for StackMem
    startup.o(RESET) refers to led.o(.text) for SysTick_Handler
    startup.o(RESET) refers to main.o(.text) for __main
    main.o(.text) refers to motor.o(.text) for MOTEUR_INIT
    main.o(.text) refers to led.o(.text) for LED_INIT
    main.o(.text) refers to bumpers.o(.text) for BUMPER_INIT
    main.o(.text) refers to button.o(.text) for BUTTON_INIT
    main.o(.text) refers to danses_moves.o(.text) for VALSE
    led.o(.text) refers to led.o(.data) for TICK_MS
    danses_moves.o(.text) refers (Special) to led.o(.text) for LED_INIT
    danses_moves.o(.text) refers (Special) to motor.o(.text) for MOTEUR_DROIT_INVERSE


==============================================================================

Removing Unused input sections from the image.

    Removing startup.o(HEAP), (0 bytes).
    Removing startup.o(.text), (0 bytes).

2 unused section(s) (total 0 bytes) removed from the image.

==============================================================================

Image Symbol Table

    Local Symbols

    Symbol Name                              Value     Ov Type        Size  Object(Section)

    Startup.s                                0x00000000   Number         0  startup.o ABSOLUTE
    bumpers.s                                0x00000000   Number         0  bumpers.o ABSOLUTE
    button.s                                 0x00000000   Number         0  button.o ABSOLUTE
    danses_moves.s                           0x00000000   Number         0  danses_moves.o ABSOLUTE
    led.s                                    0x00000000   Number         0  led.o ABSOLUTE
    main.s                                   0x00000000   Number         0  main.o ABSOLUTE
    motor.s                                  0x00000000   Number         0  motor.o ABSOLUTE
    RESET                                    0x00000000   Section      632  startup.o(RESET)
    NmiSR                                    0x00000271   Thumb Code     0  startup.o(RESET)
    FaultISR                                 0x00000273   Thumb Code     0  startup.o(RESET)
    IntDefaultHandler                        0x00000275   Thumb Code     0  startup.o(RESET)
    .text                                    0x00000278   Section      176  main.o(.text)
    .text                                    0x00000328   Section      496  motor.o(.text)
    .text                                    0x00000518   Section      324  led.o(.text)
    .text                                    0x0000065c   Section      672  danses_moves.o(.text)
    .text                                    0x000008fc   Section      120  button.o(.text)
    .text                                    0x00000974   Section      120  bumpers.o(.text)
    .data                                    0x20000000   Section       24  led.o(.data)
    LED_STATE                                0x20000004   Data           4  led.o(.data)
    LED_LAST_TOGGLE                          0x20000008   Data           4  led.o(.data)
    LED_PERIOD                               0x2000000c   Data           4  led.o(.data)
    LED_MULTIPLIER                           0x20000010   Data           4  led.o(.data)
    LED_MODE                                 0x20000014   Data           4  led.o(.data)
    StackMem                                 0x20000018   Data           0  startup.o(STACK)
    STACK                                    0x20000018   Section      256  startup.o(STACK)

    Global Symbols

    Symbol Name                              Value     Ov Type        Size  Object(Section)

    BuildAttributes$$THM_ISAv4$P$D$K$B$S$A:L22UL41UL21$X:L11$S22US41US21$IEEE1$~IW$USESV6$~STKCKD$USESV7$~SHL$OSPACE$EBA8$MICROLIB$EABIv2 0x00000000   Number         0  anon$$obj.o ABSOLUTE
    __Vectors                                0x00000000   Data           0  startup.o(RESET)
    Reset_Handler                            0x0000026d   Thumb Code     0  startup.o(RESET)
    __main                                   0x00000279   Thumb Code     0  main.o(.text)
    MOTEUR_INIT                              0x00000329   Thumb Code     0  motor.o(.text)
    MOTEUR_DROIT_ON                          0x0000042d   Thumb Code     0  motor.o(.text)
    MOTEUR_DROIT_OFF                         0x00000439   Thumb Code     0  motor.o(.text)
    MOTEUR_GAUCHE_ON                         0x00000445   Thumb Code     0  motor.o(.text)
    MOTEUR_GAUCHE_OFF                        0x00000451   Thumb Code     0  motor.o(.text)
    MOTEUR_DROIT_ARRIERE                     0x0000045d   Thumb Code     0  motor.o(.text)
    MOTEUR_DROIT_AVANT                       0x00000467   Thumb Code     0  motor.o(.text)
    MOTEUR_GAUCHE_ARRIERE                    0x00000471   Thumb Code     0  motor.o(.text)
    MOTEUR_GAUCHE_AVANT                      0x0000047b   Thumb Code     0  motor.o(.text)
    MOTEUR_DROIT_INVERSE                     0x00000485   Thumb Code     0  motor.o(.text)
    MOTEUR_GAUCHE_INVERSE                    0x00000491   Thumb Code     0  motor.o(.text)
    MOTEUR_SET_VITESSE                       0x0000049d   Thumb Code     0  motor.o(.text)
    LED_INIT                                 0x00000519   Thumb Code     0  led.o(.text)
    SysTick_Handler                          0x00000595   Thumb Code     0  led.o(.text)
    LED_SET_PERIOD                           0x000005f5   Thumb Code     0  led.o(.text)
    LED_CYCLE_SPEED                          0x000005fb   Thumb Code     0  led.o(.text)
    LED_GET_MULTIPLIER                       0x00000617   Thumb Code     0  led.o(.text)
    LED_SET_MODE                             0x0000061d   Thumb Code     0  led.o(.text)
    VALSE                                    0x0000065d   Thumb Code     0  danses_moves.o(.text)
    STAR                                     0x000006a7   Thumb Code     0  danses_moves.o(.text)
    CIRCLE_RIGHT                             0x000006ed   Thumb Code     0  danses_moves.o(.text)
    CIRCLE_LEFT                              0x00000703   Thumb Code     0  danses_moves.o(.text)
    DEMICIRCLE_RIGHT                         0x00000719   Thumb Code     0  danses_moves.o(.text)
    DEMICIRCLE_LEFT                          0x0000072f   Thumb Code     0  danses_moves.o(.text)
    WALK                                     0x00000745   Thumb Code     0  danses_moves.o(.text)
    WALK_BACK                                0x00000785   Thumb Code     0  danses_moves.o(.text)
    FRONTBACK                                0x000007c5   Thumb Code     0  danses_moves.o(.text)
    FRONT                                    0x000007e9   Thumb Code     0  danses_moves.o(.text)
    FRONTSHORT                               0x000007ff   Thumb Code     0  danses_moves.o(.text)
    ITALODISCO                               0x00000815   Thumb Code     0  danses_moves.o(.text)
    BUTTON_INIT                              0x000008fd   Thumb Code     0  button.o(.text)
    BUTTON1_PRESSED                          0x0000093b   Thumb Code     0  button.o(.text)
    BUTTON2_PRESSED                          0x00000953   Thumb Code     0  button.o(.text)
    BUMPER_INIT                              0x00000975   Thumb Code     0  bumpers.o(.text)
    BUMPER_LEFT_PRESSED                      0x000009b3   Thumb Code     0  bumpers.o(.text)
    BUMPER_RIGHT_PRESSED                     0x000009cb   Thumb Code     0  bumpers.o(.text)
    TICK_MS                                  0x20000000   Data           4  led.o(.data)
    __initial_sp                             0x20000118   Data           0  startup.o(STACK)



==============================================================================

Memory Map of the image

  Image Entry point : 0x0000026d

  Load Region LR_1 (Base: 0x00000000, Size: 0x00000a04, Max: 0xffffffff, ABSOLUTE)

    Execution Region ER_RO (Exec base: 0x00000000, Load base: 0x00000000, Size: 0x000009ec, Max: 0xffffffff, ABSOLUTE)

    Exec Addr    Load Addr    Size         Type   Attr      Idx    E Section Name        Object

    0x00000000   0x00000000   0x00000278   Code   RO            3  * RESET               startup.o
    0x00000278   0x00000278   0x000000b0   Code   RO            9  * .text               main.o
    0x00000328   0x00000328   0x000001f0   Code   RO           12  * .text               motor.o
    0x00000518   0x00000518   0x00000144   Code   RO           15    .text               led.o
    0x0000065c   0x0000065c   0x000002a0   Code   RO           19    .text               danses_moves.o
    0x000008fc   0x000008fc   0x00000078   Code   RO           22    .text               button.o
    0x00000974   0x00000974   0x00000078   Code   RO           25    .text               bumpers.o


    Execution Region ER_RW (Exec base: 0x20000000, Load base: 0x000009ec, Size: 0x00000018, Max: 0xffffffff, ABSOLUTE)

    Exec Addr    Load Addr    Size         Type   Attr      Idx    E Section Name        Object

    0x20000000   0x000009ec   0x00000018   Data   RW           16    .data               led.o


    Execution Region ER_ZI (Exec base: 0x20000018, Load base: 0x00000a04, Size: 0x00000100, Max: 0xffffffff, ABSOLUTE)

    Exec Addr    Load Addr    Size         Type   Attr      Idx    E Section Name        Object

    0x20000018        -       0x00000100   Zero   RW            1    STACK               startup.o


==============================================================================

Image component sizes


      Code (inc. data)   RO Data    RW Data    ZI Data      Debug   Object Name

       120         10          0          0          0        256   bumpers.o
       120         10          0          0          0        256   button.o
       672         32          0          0          0        456   danses_moves.o
       324         58          0         24          0        332   led.o
       176          0          0          0          0        284   main.o
       496        114          0          0          0        376   motor.o
       632        622          0          0        256        260   startup.o

    ----------------------------------------------------------------------
      2540        846          0         24        256       2220   Object Totals
         0          0          0          0          0          0   (incl. Generated)
         0          0          0          0          0          0   (incl. Padding)

    ----------------------------------------------------------------------
         0          0          0          0          0          0   Library Totals
         0          0          0          0          0          0   (incl. Padding)

    ----------------------------------------------------------------------

==============================================================================


      Code (inc. data)   RO Data    RW Data    ZI Data      Debug   

      2540        846          0         24        256       2220   Grand Totals
      2540        846          0         24        256       2220   ELF Image Totals
      2540        846          0         24          0          0   ROM Totals

==============================================================================

    Total RO  Size (Code + RO Data)                 2540 (   2.48kB)
    Total RW  Size (RW Data + ZI Data)               280 (   0.27kB)
    Total ROM Size (Code + RO Data + RW Data)       2564 (   2.50kB)

==============================================================================

